\BOOKMARK [1][-]{section.1}{\376\377\134\010\230\114\143\317\217\360}{}% 1
\BOOKMARK [2][-]{subsection.1.1}{\376\377\134\010\230\114\166\356\152\031}{section.1}% 2
\BOOKMARK [2][-]{subsection.1.2}{\376\377\122\237\200\375\152\041\175\104\202\007\000\040\000A\000P\000I\000\040\134\015\161\147}{section.1}% 3
\BOOKMARK [2][-]{subsection.1.3}{\376\377\142\200\210\123\147\266\151\313}{section.1}% 4
\BOOKMARK [1][-]{section.2}{\376\377\156\054\212\146\211\217\122\203\202\007\173\126\165\145}{}% 5
\BOOKMARK [2][-]{subsection.2.1}{\376\377\156\054\212\146\221\321\133\127\130\124\147\266\151\313}{section.2}% 6
\BOOKMARK [2][-]{subsection.2.2}{\376\377\156\054\212\146\221\315\236\336\145\170\144\332\000\040\000\050\000K\000P\000I\000s\000\051}{section.2}% 7
\BOOKMARK [2][-]{subsection.2.3}{\376\377\000A\000P\000I\000\040\134\144\156\054\212\146\155\265\204\313\173\304\127\015}{section.2}% 8
\BOOKMARK [1][-]{section.3}{\376\377\156\054\212\146\212\055\212\010\142\200\210\123}{}% 9
\BOOKMARK [2][-]{subsection.3.1}{\376\377\173\111\120\371\230\136\122\045\122\203\122\006\000\040\000\050\000E\000q\000u\000i\000v\000a\000l\000e\000n\000c\000e\000\040\000P\000a\000r\000t\000i\000t\000i\000o\000n\000i\000n\000g\000\051}{section.3}% 10
\BOOKMARK [2][-]{subsection.3.2}{\376\377\220\212\165\114\120\074\122\006\147\220\000\040\000\050\000B\000o\000u\000n\000d\000a\000r\000y\000\040\000V\000a\000l\000u\000e\000\040\000A\000n\000a\000l\000y\000s\000i\000s\000\051}{section.3}% 11
\BOOKMARK [2][-]{subsection.3.3}{\376\377\162\300\141\113\217\111\143\333\156\054\212\146\000\040\000\050\000S\000t\000a\000t\000e\000\040\000T\000r\000a\000n\000s\000i\000t\000i\000o\000n\000\040\000T\000e\000s\000t\000i\000n\000g\000\051}{section.3}% 12
\BOOKMARK [2][-]{subsection.3.4}{\376\377\223\057\212\244\163\034\156\054\000\040\000\050\000E\000r\000r\000o\000r\000\040\000G\000u\000e\000s\000s\000i\000n\000g\000\051}{section.3}% 13
\BOOKMARK [2][-]{subsection.3.5}{\376\377\223\057\212\244\206\125\164\006\156\054\212\146\000\040\000\050\000E\000r\000r\000o\000r\000\040\000H\000a\000n\000d\000l\000i\000n\000g\000\040\000T\000e\000s\000t\000i\000n\000g\000\051}{section.3}% 14
\BOOKMARK [1][-]{section.4}{\376\377\142\020\147\234\134\125\171\072\202\007\156\054\212\146\130\061\124\112}{}% 15
\BOOKMARK [2][-]{subsection.4.1}{\376\377\133\214\142\020\166\204\122\237\200\375\212\252\146\016}{section.4}% 16
\BOOKMARK [2][-]{subsection.4.2}{\376\377\127\367\210\114\165\153\227\142\142\052\127\026}{section.4}% 17
\BOOKMARK [3][-]{subsubsection.4.2.1}{\376\377\156\054\212\146\127\367\210\114\175\120\147\234\000\040\000\050\000T\000e\000s\000t\000\040\000E\000x\000e\000c\000u\000t\000i\000o\000n\000\051}{subsection.4.2}% 18
\BOOKMARK [2][-]{subsection.4.3}{\376\377\156\054\212\146\202\007\122\006\147\220\130\061\124\112\212\252\146\016}{section.4}% 19
\BOOKMARK [3][-]{subsubsection.4.3.1}{\376\377\211\206\204\313\163\207\130\061\124\112\000\040\000\050\000J\000a\000c\000o\000c\000o\000\040\134\015\141\311\000\051}{subsection.4.3}% 20
\BOOKMARK [3][-]{subsubsection.4.3.2}{\376\377\000P\000M\000D\000\040\172\013\137\017\170\274\133\351\147\345\130\061\124\112\000\040\000\050\000E\000S\000L\000i\000n\000t\000\051}{subsection.4.3}% 21
\BOOKMARK [3][-]{subsubsection.4.3.3}{\376\377\121\166\116\326\156\054\212\146\130\061\124\112\000\040\000\050\000M\000e\000t\000r\000i\000c\000s\000\040\000\046\000\040\000D\000e\000t\000a\000i\000l\000s\000\051}{subsection.4.3}% 22
\BOOKMARK [2][-]{subsection.4.4}{\376\377\000B\000u\000g\000\040\117\356\137\251\156\005\125\256\000\040\000\050\133\214\145\164\000\040\0001\0002\000\040\230\005\000\051}{section.4}% 23
\BOOKMARK [2][-]{subsection.4.5}{\376\377\117\356\137\251\150\110\117\213\377\032\212\125\122\006\232\127\213\111\223\057\212\244}{section.4}% 24
\BOOKMARK [1][-]{section.5}{\376\377\175\120\212\326\202\007\174\373\175\161\232\127\213\111}{}% 25
\BOOKMARK [2][-]{subsection.5.1}{\376\377\174\373\175\161\211\201\154\102\220\124\142\020\136\246}{section.5}% 26
\BOOKMARK [2][-]{subsection.5.2}{\376\377\137\303\137\227\176\075\175\120}{section.5}% 27
\BOOKMARK [1][-]{section.6}{\376\377\174\373\175\161\212\252\146\016}{}% 28
\BOOKMARK [2][-]{subsection.6.1}{\376\377\134\010\150\110\166\356\223\004\175\120\151\313}{section.6}% 29
\BOOKMARK [2][-]{subsection.6.2}{\376\377\156\054\212\146\127\367\210\114\143\007\116\344}{section.6}% 30
\BOOKMARK [2][-]{subsection.6.3}{\376\377\156\054\212\146\130\061\124\112\230\136\127\213}{section.6}% 31
\BOOKMARK [1][-]{section.7}{\376\377\121\166\116\326}{}% 32
\BOOKMARK [2][-]{subsection.7.1}{\376\377\127\030\226\212\122\006\135\345}{section.7}% 33
\BOOKMARK [2][-]{subsection.7.2}{\376\377\117\177\165\050\135\345\121\167\202\007\000\040\000A\000I\000\040\217\024\122\251}{section.7}% 34
